###############################################################################
#
# IAR ELF Linker V9.20.4.327/W64 for ARM                  12/Jan/2023  13:13:14
# Copyright 2007-2022 IAR Systems AB.
#
#    Output file  =
#        C:\Users\poroz\Documents\Computersystem\Lab1\Debug\Exe\hwLab1.out
#    Map file     =
#        C:\Users\poroz\Documents\Computersystem\Lab1\Debug\List\hwLab1.map
#    Command line =
#        -f
#        C:\Users\poroz\Documents\Computersystem\Lab1\Debug\Exe\hwLab1.out.rsp
#        (C:\Users\poroz\Documents\Computersystem\Lab1\Debug\Obj\cstartup.o
#        C:\Users\poroz\Documents\Computersystem\Lab1\Debug\Obj\exceptions.o
#        C:\Users\poroz\Documents\Computersystem\Lab1\Debug\Obj\fuctions.o
#        C:\Users\poroz\Documents\Computersystem\Lab1\Debug\Obj\linkedlist.o
#        C:\Users\poroz\Documents\Computersystem\Lab1\Debug\Obj\main.o
#        C:\Users\poroz\Documents\Computersystem\Lab1\Debug\Obj\startup_sam3x.o
#        C:\Users\poroz\Documents\Computersystem\Lab1\Debug\Obj\system_sam3x.o
#        --no_out_extension -o
#        C:\Users\poroz\Documents\Computersystem\Lab1\Debug\Exe\hwLab1.out
#        --redirect _Printf=_PrintfFullNoMb --redirect _Scanf=_ScanfFullNoMb
#        --map
#        C:\Users\poroz\Documents\Computersystem\Lab1\Debug\List\hwLab1.map
#        --config C:\Users\poroz\Documents\Computersystem\Lab1\hwLab1.icf
#        --semihosting --entry __iar_program_start --vfe --text_out locale)
#
###############################################################################

*******************************************************************************
*** RUNTIME MODEL ATTRIBUTES
***

CppFlavor       = *
__CPP_Runtime   = 1
__Heap_Handler  = Basic
__SystemLibrary = DLib
__dlib_version  = 6


*******************************************************************************
*** HEAP SELECTION
***

The basic heap was selected because some modules are built with
size limitations (and not runtime checking), and --advanced_heap
was not specified.


*******************************************************************************
*** PLACEMENT SUMMARY
***

"A0":  place at address 0x2007'0000 { ro section .intvec };
"P1":  place in [from 0x2007'0000 to 0x2008'7fff] { ro };
define block CSTACK with size = 4K, alignment = 8 { };
define block HEAP with size = 64K, alignment = 8 { };
"P2":  place in [from 0x2007'0000 to 0x2008'7fff] {
          rw, block CSTACK, block HEAP };
initialize by copy with packing = none, complex ranges { rw };

  Section            Kind         Address      Size  Object
  -------            ----         -------      ----  ------
"A0":                                          0xf4
  .intvec                     0x2007'0000      0xf4  <Block>
    .intvec          const    0x2007'0000      0xf4  startup_sam3x.o [1]
                            - 0x2007'00f4      0xf4

"P1-P2", part 1 of 3:                        0x2e3c
  .text              ro code  0x2007'00f4    0x216c  fuctions.o [1]
  .text              ro code  0x2007'2260      0x86  ABImemcpy.o [4]
  .text              ro code  0x2007'22e6      0x2a  copy_init3.o [4]
  .text              ro code  0x2007'2310      0x70  linkedlist.o [1]
  .text              ro code  0x2007'2380     0x25e  DblAddSub.o [3]
  .text              ro code  0x2007'25de       0x2  exceptions.o [1]
  .text              ro code  0x2007'25e0      0x34  DblCmpLe.o [3]
  .text              ro code  0x2007'2614      0x34  DblCmpGe.o [3]
  .text              ro code  0x2007'2648      0x36  strlen.o [4]
  .text              ro code  0x2007'2680      0x22  S32ToDbl.o [3]
  .text              ro code  0x2007'26a4      0x36  DblToS32.o [3]
  .text              ro code  0x2007'26dc      0x1c  U32ToDbl.o [3]
  .text              ro code  0x2007'26f8     0x1aa  DblMul.o [3]
  .text              ro code  0x2007'28a4     0x13c  heap0.o [2]
  .text              ro code  0x2007'29e0       0x4  heaptramp0.o [2]
  .text              ro code  0x2007'29e4      0x2c  xgetmemchunk.o [2]
  .text              ro code  0x2007'2a10      0xc8  main.o [1]
  .text              ro code  0x2007'2ad8      0xa0  system_sam3x.o [1]
  .text              ro code  0x2007'2b78      0x22  DblToU32.o [3]
  .text              ro code  0x2007'2b9a      0x38  zero_init3.o [4]
  .text              ro code  0x2007'2bd4      0x30  startup_sam3x.o [1]
  .text              ro code  0x2007'2c04       0xc  cstartup.o [1]
  .text              ro code  0x2007'2c10      0x1e  cmain.o [4]
  .text              ro code  0x2007'2c30      0x28  data_init.o [4]
  .text              ro code  0x2007'2c58       0x4  exit.o [2]
  .text              ro code  0x2007'2c5c       0xa  cexit.o [4]
  .text              ro code  0x2007'2c68      0x14  exit.o [5]
  .text              ro code  0x2007'2c7c      0x2c  iarttio.o [5]
  .text              ro code  0x2007'2ca8       0x8  XShttio.o [2]
  .rodata            const    0x2007'2cb0      0x28  fuctions.o [1]
  .rodata            const    0x2007'2cd8      0x28  fuctions.o [1]
  .rodata            const    0x2007'2d00      0x28  fuctions.o [1]
  .rodata            const    0x2007'2d28      0x24  fuctions.o [1]
  .iar.init_table    const    0x2007'2d4c      0x24  - Linker created -
  .rodata            const    0x2007'2d70      0x1c  fuctions.o [1]
  .rodata            const    0x2007'2d8c      0x1c  fuctions.o [1]
  .rodata            const    0x2007'2da8      0x18  fuctions.o [1]
  .rodata            const    0x2007'2dc0      0x18  fuctions.o [1]
  .rodata            const    0x2007'2dd8      0x18  fuctions.o [1]
  .rodata            const    0x2007'2df0      0x14  fuctions.o [1]
  .rodata            const    0x2007'2e04      0x14  fuctions.o [1]
  .rodata            const    0x2007'2e18      0x14  fuctions.o [1]
  .rodata            const    0x2007'2e2c      0x14  fuctions.o [1]
  .rodata            const    0x2007'2e40      0x14  fuctions.o [1]
  .rodata            const    0x2007'2e54      0x10  fuctions.o [1]
  .rodata            const    0x2007'2e64      0x10  fuctions.o [1]
  .rodata            const    0x2007'2e74      0x10  fuctions.o [1]
  .rodata            const    0x2007'2e84      0x10  fuctions.o [1]
  .rodata            const    0x2007'2e94       0xc  fuctions.o [1]
  .rodata            const    0x2007'2ea0       0xc  fuctions.o [1]
  .rodata            const    0x2007'2eac       0xc  fuctions.o [1]
  .rodata            const    0x2007'2eb8       0x8  fuctions.o [1]
  .rodata            const    0x2007'2ec0       0x8  fuctions.o [1]
  .rodata            const    0x2007'2ec8       0x0  zero_init3.o [4]
  .rodata            const    0x2007'2ec8       0x0  copy_init3.o [4]
  P1-P2 s0                    0x2007'2ec8      0x34  <Init block>
    .data            inited   0x2007'2ec8       0x8  XShttio.o [2]
    .data            inited   0x2007'2ed0       0x4  fuctions.o [1]
    .data            inited   0x2007'2ed4       0x4  fuctions.o [1]
    .data            inited   0x2007'2ed8       0x4  fuctions.o [1]
    .data            inited   0x2007'2edc       0x4  fuctions.o [1]
    .data            inited   0x2007'2ee0       0x4  fuctions.o [1]
    .data            inited   0x2007'2ee4       0x4  fuctions.o [1]
    .data            inited   0x2007'2ee8       0x4  fuctions.o [1]
    .data            inited   0x2007'2eec       0x4  fuctions.o [1]
    .data            inited   0x2007'2ef0       0x4  fuctions.o [1]
    .data            inited   0x2007'2ef4       0x4  linkedlist.o [1]
    .data            inited   0x2007'2ef8       0x4  system_sam3x.o [1]
  Initializer bytes  const    0x2007'2efc      0x34  <for P1-P2 s0>
                            - 0x2007'2f30    0x2e3c

"P1-P2", part 2 of 3:                          0x4c
  .bss               zero     0x2007'2f30       0x8  heap0.o [2]
  .bss               zero     0x2007'2f38       0x4  fuctions.o [1]
  .bss               zero     0x2007'2f3c       0x4  fuctions.o [1]
  .bss               zero     0x2007'2f40       0x4  fuctions.o [1]
  .bss               zero     0x2007'2f44       0x4  fuctions.o [1]
  .bss               zero     0x2007'2f48       0x4  fuctions.o [1]
  .bss               zero     0x2007'2f4c       0x4  fuctions.o [1]
  .bss               zero     0x2007'2f50       0x4  fuctions.o [1]
  .bss               zero     0x2007'2f54       0x4  fuctions.o [1]
  .bss               zero     0x2007'2f58       0x4  fuctions.o [1]
  .bss               zero     0x2007'2f5c       0x4  fuctions.o [1]
  .bss               zero     0x2007'2f60       0x4  fuctions.o [1]
  .bss               zero     0x2007'2f64       0x4  fuctions.o [1]
  .bss               zero     0x2007'2f68       0x4  fuctions.o [1]
  .bss               zero     0x2007'2f6c       0x4  fuctions.o [1]
  .bss               zero     0x2007'2f70       0x4  fuctions.o [1]
  .bss               zero     0x2007'2f74       0x4  fuctions.o [1]
  .bss               zero     0x2007'2f78       0x4  xgetmemchunk.o [2]
                            - 0x2007'2f7c      0x4c

"P1-P2", part 3 of 3:                      0x1'1000
  CSTACK                      0x2007'2f80    0x1000  <Block>
    CSTACK           uninit   0x2007'2f80    0x1000  <Block tail>
  HEAP                        0x2007'3f80  0x1'0000  <Block>
    HEAP             uninit   0x2007'3f80  0x1'0000  <Block tail>
                            - 0x2008'3f80  0x1'1000

Unused ranges:

         From           To    Size
         ----           --    ----
  0x2007'2f7c  0x2007'2f7f     0x4
  0x2008'3f80  0x2008'7fff  0x4080


*******************************************************************************
*** INIT TABLE
***

          Address      Size
          -------      ----
Zero (__iar_zero_init3)
    1 destination range, total size 0x4c:
          0x2007'2f30  0x4c

Copy (__iar_copy_init3)
    1 source range, total size 0x34:
          0x2007'2efc  0x34
    1 destination range, total size 0x34:
          0x2007'2ec8  0x34



*******************************************************************************
*** MODULE SUMMARY
***

    Module           ro code  ro data  rw data
    ------           -------  -------  -------
command line/config:
    ------------------------------------------
    Total:

C:\Users\poroz\Documents\Computersystem\Lab1\Debug\Obj: [1]
    cstartup.o            12
    exceptions.o           2
    fuctions.o         8'556      536      100
    linkedlist.o         112        4        4
    main.o               200
    startup_sam3x.o       48      244
    system_sam3x.o       160        4        4
    ------------------------------------------
    Total:             9'090      788      108

dl7M_tln.a: [2]
    XShttio.o              8        8        8
    exit.o                 4
    heap0.o              316                 8
    heaptramp0.o           4
    xgetmemchunk.o        44                 4
    ------------------------------------------
    Total:               376        8       20

m7M_tl.a: [3]
    DblAddSub.o          606
    DblCmpGe.o            52
    DblCmpLe.o            52
    DblMul.o             426
    DblToS32.o            54
    DblToU32.o            34
    S32ToDbl.o            34
    U32ToDbl.o            28
    ------------------------------------------
    Total:             1'286

rt7M_tl.a: [4]
    ABImemcpy.o          134
    cexit.o               10
    cmain.o               30
    copy_init3.o          42
    data_init.o           40
    strlen.o              54
    zero_init3.o          56
    ------------------------------------------
    Total:               366

shb_l.a: [5]
    exit.o                20
    iarttio.o             44
    ------------------------------------------
    Total:                64

    Gaps                  14
    Linker created                 36   69'632
----------------------------------------------
    Grand Total:      11'196      832   69'760


*******************************************************************************
*** ENTRY LIST
***

Entry                       Address   Size  Type      Object
-----                       -------   ----  ----      ------
.iar.init_table$$Base   0x2007'2d4c          --   Gb  - Linker created -
.iar.init_table$$Limit  0x2007'2d70          --   Gb  - Linker created -
.intvec$$Base           0x2007'0000          --   Gb  - Linker created -
.intvec$$Limit          0x2007'00f4          --   Gb  - Linker created -
?main                   0x2007'2c11         Code  Gb  cmain.o [4]
ADC_Handler             0x2007'1df9   0x86  Code  Gb  fuctions.o [1]
Aldata                  0x2007'2f30    0x8  Data  Lc  heap0.o [2]
BusFault_Handler        0x2007'25df    0x2  Code  Wk  exceptions.o [1]
CAN0_Handler            0x2007'25df    0x2  Code  Wk  exceptions.o [1]
CAN1_Handler            0x2007'25df    0x2  Code  Wk  exceptions.o [1]
CSTACK$$Base            0x2007'2f80          --   Gb  - Linker created -
CSTACK$$Limit           0x2007'3f80          --   Gb  - Linker created -
DACC_Handler            0x2007'25df    0x2  Code  Wk  exceptions.o [1]
DMAC_Handler            0x2007'25df    0x2  Code  Wk  exceptions.o [1]
DebugMon_Handler        0x2007'25df    0x2  Code  Wk  exceptions.o [1]
Delay                   0x2007'1e81    0xe  Code  Gb  fuctions.o [1]
Dummy_Handler           0x2007'25df    0x2  Code  Gb  exceptions.o [1]
EFC0_Handler            0x2007'25df    0x2  Code  Wk  exceptions.o [1]
EFC1_Handler            0x2007'25df    0x2  Code  Wk  exceptions.o [1]
Green_House             0x2007'0d51  0x7d4  Code  Gb  fuctions.o [1]
HEAP$$Base              0x2007'3f80          --   Gb  - Linker created -
HEAP$$Limit             0x2008'3f80          --   Gb  - Linker created -
HSMCI_Handler           0x2007'25df    0x2  Code  Wk  exceptions.o [1]
HardFault_Handler       0x2007'25df    0x2  Code  Wk  exceptions.o [1]
Init_Display            0x2007'1fbb   0x6a  Code  Gb  fuctions.o [1]
Init_Light              0x2007'1c85   0x54  Code  Gb  fuctions.o [1]
Init_PWM_Servo          0x2007'1c27   0x4e  Code  Gb  fuctions.o [1]
Init_Temp               0x2007'1b1d   0x7a  Code  Gb  fuctions.o [1]
Light_Mesurment         0x2007'1ced   0xa6  Code  Gb  fuctions.o [1]
MemManage_Handler       0x2007'25df    0x2  Code  Wk  exceptions.o [1]
Movment_Servo           0x2007'1c75   0x10  Code  Gb  fuctions.o [1]
NMI_Handler             0x2007'25df    0x2  Code  Wk  exceptions.o [1]
NVIC_ClearPendingIRQ    0x2007'010b   0x16  Code  Lc  fuctions.o [1]
NVIC_EnableIRQ          0x2007'00f5   0x16  Code  Lc  fuctions.o [1]
NVIC_SetPriority        0x2007'0121   0x28  Code  Lc  fuctions.o [1]
NVIC_SetPriority        0x2007'2a11   0x24  Code  Lc  main.o [1]
PIOA_Handler            0x2007'25df    0x2  Code  Wk  exceptions.o [1]
PIOB_Handler            0x2007'25df    0x2  Code  Wk  exceptions.o [1]
PIOC_Handler            0x2007'25df    0x2  Code  Wk  exceptions.o [1]
PIOD_Handler            0x2007'04a7   0x36  Code  Gb  fuctions.o [1]
PMC_Handler             0x2007'25df    0x2  Code  Wk  exceptions.o [1]
PWM_Handler             0x2007'25df    0x2  Code  Wk  exceptions.o [1]
PendSV_Handler          0x2007'25df    0x2  Code  Wk  exceptions.o [1]
RSTC_Handler            0x2007'25df    0x2  Code  Wk  exceptions.o [1]
RTC_Handler             0x2007'25df    0x2  Code  Wk  exceptions.o [1]
RTT_Handler             0x2007'25df    0x2  Code  Wk  exceptions.o [1]
Read_Status_Display     0x2007'20e9   0x50  Code  Gb  fuctions.o [1]
Read_Temp               0x2007'1be1   0x34  Code  Gb  fuctions.o [1]
Region$$Table$$Base     0x2007'2d4c          --   Gb  - Linker created -
Region$$Table$$Limit    0x2007'2d70          --   Gb  - Linker created -
Reset_Handler           0x2007'2bfd    0x8  Code  Gb  startup_sam3x.o [1]
SPI0_Handler            0x2007'25df    0x2  Code  Wk  exceptions.o [1]
SSC_Handler             0x2007'25df    0x2  Code  Wk  exceptions.o [1]
SUPC_Handler            0x2007'25df    0x2  Code  Wk  exceptions.o [1]
SVC_Handler             0x2007'25df    0x2  Code  Wk  exceptions.o [1]
Set_Led                 0x2007'0537   0x3a  Code  Gb  fuctions.o [1]
SysTick_Config          0x2007'2a35   0x30  Code  Lc  main.o [1]
SysTick_Handler         0x2007'1e8f   0x12  Code  Gb  fuctions.o [1]
SystemCoreClock         0x2007'2ef8    0x4  Data  Gb  system_sam3x.o [1]
SystemInit              0x2007'2ad9   0x6e  Code  Gb  system_sam3x.o [1]
TC0_Handler             0x2007'1c15   0x12  Code  Gb  fuctions.o [1]
TC1_Handler             0x2007'25df    0x2  Code  Wk  exceptions.o [1]
TC2_Handler             0x2007'25df    0x2  Code  Wk  exceptions.o [1]
TC3_Handler             0x2007'25df    0x2  Code  Wk  exceptions.o [1]
TC4_Handler             0x2007'25df    0x2  Code  Wk  exceptions.o [1]
TC5_Handler             0x2007'25df    0x2  Code  Wk  exceptions.o [1]
TRNG_Handler            0x2007'25df    0x2  Code  Wk  exceptions.o [1]
TWI0_Handler            0x2007'25df    0x2  Code  Wk  exceptions.o [1]
TWI1_Handler            0x2007'25df    0x2  Code  Wk  exceptions.o [1]
Temp_Mesurement         0x2007'1b97   0x4a  Code  Gb  fuctions.o [1]
Tempcontroll            0x2007'039b  0x10c  Code  Gb  fuctions.o [1]
Tmax                    0x2007'2eec    0x4  Data  Gb  fuctions.o [1]
Tmin                    0x2007'2ee8    0x4  Data  Gb  fuctions.o [1]
UART_Handler            0x2007'25df    0x2  Code  Wk  exceptions.o [1]
UOTGHS_Handler          0x2007'25df    0x2  Code  Wk  exceptions.o [1]
USART0_Handler          0x2007'25df    0x2  Code  Wk  exceptions.o [1]
USART1_Handler          0x2007'25df    0x2  Code  Wk  exceptions.o [1]
USART2_Handler          0x2007'25df    0x2  Code  Wk  exceptions.o [1]
UsageFault_Handler      0x2007'25df    0x2  Code  Wk  exceptions.o [1]
WDT_Handler             0x2007'25df    0x2  Code  Wk  exceptions.o [1]
Write_Command_2_Display
                        0x2007'2085   0x64  Code  Gb  fuctions.o [1]
Write_Data_2_Display    0x2007'2025   0x60  Code  Gb  fuctions.o [1]
Write_Temp              0x2007'1ae9   0x34  Code  Gb  fuctions.o [1]
__aeabi_cdcmple         0x2007'25e1         Code  Gb  DblCmpLe.o [3]
__aeabi_cdrcmple        0x2007'2615         Code  Gb  DblCmpGe.o [3]
__aeabi_d2iz            0x2007'26a5         Code  Gb  DblToS32.o [3]
__aeabi_d2uiz           0x2007'2b79         Code  Gb  DblToU32.o [3]
__aeabi_dadd            0x2007'2381         Code  Gb  DblAddSub.o [3]
__aeabi_dmul            0x2007'26f9         Code  Gb  DblMul.o [3]
__aeabi_dsub            0x2007'24fd         Code  Gb  DblAddSub.o [3]
__aeabi_i2d             0x2007'2681         Code  Gb  S32ToDbl.o [3]
__aeabi_memcpy4         0x2007'2261         Code  Gb  ABImemcpy.o [4]
__aeabi_memcpy8         0x2007'2261         Code  Gb  ABImemcpy.o [4]
__aeabi_ui2d            0x2007'26dd         Code  Gb  U32ToDbl.o [3]
__basic_free            0x2007'2951   0x16  Code  Gb  heap0.o [2]
__basic_free_intern     0x2007'2967   0x74  Code  Lc  heap0.o [2]
__basic_malloc          0x2007'28a5   0x18  Code  Gb  heap0.o [2]
__basic_malloc_intern   0x2007'28bd   0x94  Code  Lc  heap0.o [2]
__cmain                 0x2007'2c11         Code  Gb  cmain.o [4]
__data_GetMemChunk      0x2007'29e5   0x2c  Code  Gb  xgetmemchunk.o [2]
__data_GetMemChunk::start
                        0x2007'2f78    0x4  Data  Lc  xgetmemchunk.o [2]
__exit                  0x2007'2c69   0x14  Code  Gb  exit.o [5]
__iar_close_ttio        0x2007'2c7d   0x2c  Code  Gb  iarttio.o [5]
__iar_copy_init3        0x2007'22e7   0x2a  Code  Gb  copy_init3.o [4]
__iar_data_init3        0x2007'2c31   0x28  Code  Gb  data_init.o [4]
__iar_lookup_ttioh      0x2007'2ca9    0x8  Code  Gb  XShttio.o [2]
__iar_program_start     0x2007'2c05         Code  Gb  cstartup.o [1]
__iar_ttio_handles      0x2007'2ec8    0x8  Data  Lc  XShttio.o [2]
__iar_zero_init3        0x2007'2b9b   0x38  Code  Gb  zero_init3.o [4]
__low_level_init        0x2007'2bd5   0x20  Code  Gb  startup_sam3x.o [1]
__vector_table          0x2007'0000   0xf4  Data  Gb  startup_sam3x.o [1]
_call_main              0x2007'2c1d         Code  Gb  cmain.o [4]
_exit                   0x2007'2c5d         Code  Gb  cexit.o [4]
button                  0x2007'2f64    0x4  Data  Gb  fuctions.o [1]
button2                 0x2007'2f68    0x4  Data  Gb  fuctions.o [1]
cLight                  0x2007'2f5c    0x4  Data  Gb  fuctions.o [1]
clear_Display           0x2007'222d   0x34  Code  Gb  fuctions.o [1]
controll                0x2007'2ef4    0x4  Data  Gb  linkedlist.o [1]
counter                 0x2007'2f40    0x4  Data  Gb  fuctions.o [1]
d1                      0x2007'2f50    0x4  Data  Gb  fuctions.o [1]
day                     0x2007'2ed0    0x4  Data  Gb  fuctions.o [1]
de_activated            0x2007'2f74    0x4  Data  Gb  fuctions.o [1]
exit                    0x2007'2c59    0x4  Code  Gb  exit.o [2]
fastToggle              0x2007'0149   0x18  Code  Gb  fuctions.o [1]
fastmode                0x2007'2f60    0x4  Data  Gb  fuctions.o [1]
flag                    0x2007'2f3c    0x4  Data  Gb  fuctions.o [1]
flagL1                  0x2007'2f44    0x4  Data  Gb  fuctions.o [1]
flagL2                  0x2007'2f48    0x4  Data  Gb  fuctions.o [1]
free                    0x2007'29e1    0x4  Code  Gb  heaptramp0.o [2]
func                    0x2007'1eed   0x84  Code  Gb  fuctions.o [1]
hour                    0x2007'2edc    0x4  Data  Gb  fuctions.o [1]
insertFirst             0x2007'2311   0x18  Code  Gb  linkedlist.o [1]
limit_counter           0x2007'2ef0    0x4  Data  Gb  fuctions.o [1]
limitx                  0x2007'2f6c    0x4  Data  Gb  fuctions.o [1]
main                    0x2007'2a65   0x54  Code  Gb  main.o [1]
menu                    0x2007'0651   0x7c  Code  Gb  fuctions.o [1]
minute                  0x2007'2ee0    0x4  Data  Gb  fuctions.o [1]
month                   0x2007'2ed4    0x4  Data  Gb  fuctions.o [1]
newDay                  0x2007'2f54    0x4  Data  Gb  fuctions.o [1]
newMin                  0x2007'2f58    0x4  Data  Gb  fuctions.o [1]
outsidelimits           0x2007'2f70    0x4  Data  Gb  fuctions.o [1]
readSensor              0x2007'2329   0x34  Code  Gb  linkedlist.o [1]
removelast              0x2007'235d   0x1e  Code  Gb  linkedlist.o [1]
resetDatescreen         0x2007'1d9d   0x2e  Code  Gb  fuctions.o [1]
resetLimitscreen        0x2007'1dcb   0x2e  Code  Gb  fuctions.o [1]
second                  0x2007'2ee4    0x4  Data  Gb  fuctions.o [1]
set_Buttons             0x2007'04dd   0x5a  Code  Gb  fuctions.o [1]
set_Date                0x2007'06cd  0x466  Code  Gb  fuctions.o [1]
set_Display             0x2007'1f71   0x4a  Code  Gb  fuctions.o [1]
set_KeyPad              0x2007'1ea9   0x44  Code  Gb  fuctions.o [1]
set_limits              0x2007'0161  0x23a  Code  Gb  fuctions.o [1]
set_menu                0x2007'0571   0xe0  Code  Gb  fuctions.o [1]
set_tempscreen          0x2007'0b33   0xbc  Code  Gb  fuctions.o [1]
strlen                  0x2007'2649         Code  Gb  strlen.o [4]
t_counter               0x2007'2f4c    0x4  Data  Gb  fuctions.o [1]
t_ime                   0x2007'1963  0x178  Code  Gb  fuctions.o [1]
tempratur               0x2007'2f38    0x4  Data  Gb  fuctions.o [1]
writeS                  0x2007'1947   0x1c  Code  Gb  fuctions.o [1]
write_Char              0x2007'1599  0x3ae  Code  Gb  fuctions.o [1]
write_Date              0x2007'0bef   0x88  Code  Gb  fuctions.o [1]
write_Time              0x2007'0c77   0x30  Code  Gb  fuctions.o [1]
write_Timestamp         0x2007'1525   0x16  Code  Gb  fuctions.o [1]
year                    0x2007'2ed8    0x4  Data  Gb  fuctions.o [1]


[1] = C:\Users\poroz\Documents\Computersystem\Lab1\Debug\Obj
[2] = dl7M_tln.a
[3] = m7M_tl.a
[4] = rt7M_tl.a
[5] = shb_l.a

  11'196 bytes of readonly  code memory
     832 bytes of readonly  data memory
  69'760 bytes of readwrite data memory

Errors: none
Warnings: none
